// Jest Snapshot v1, https://goo.gl/fbAQLP

exports[`SocialSharing renders a social sharing component 1`] = `
<div
  className="ui container"
  style={
    Object {
      "clear": "both",
    }
  }
>
  <br />
  <button
    className="react-share__ShareButton"
    onClick={[Function]}
    quote="Title"
    style={
      Object {
        "backgroundColor": "transparent",
        "border": "none",
        "color": "inherit",
        "cursor": "pointer",
        "font": "inherit",
        "padding": 0,
      }
    }
  >
    <button
      className="ui facebook mini button"
      onClick={[Function]}
    >
      Facebook
    </button>
  </button>
  <button
    className="react-share__ShareButton"
    description="Description"
    onClick={[Function]}
    style={
      Object {
        "backgroundColor": "transparent",
        "border": "none",
        "color": "inherit",
        "cursor": "pointer",
        "font": "inherit",
        "padding": 0,
      }
    }
  >
    <button
      className="ui twitter mini button"
      onClick={[Function]}
    >
      Twitter
    </button>
  </button>
  <br />
  <br />
</div>
`;
