// Jest Snapshot v1, https://goo.gl/fbAQLP

exports[`UserGroupMembershipControlPanel renders a user group membership control component 1`] = `
<div>
  <div
    id="toolbar"
  />
</div>
`;
