// Jest Snapshot v1, https://goo.gl/fbAQLP

exports[`Allow override of blocksConfig 1`] = `
<div>
  <div
    class="blocks-form"
    role="presentation"
  >
    <fieldset
      class="invisible"
    >
      <div
        class="block-editor-custom"
      >
        <div
          style="position: relative; margin-bottom: 2em;"
        >
          <div
            aria-describedby=""
            aria-disabled="false"
            aria-roledescription="sortable"
            class="drag handle wrapper"
            role="button"
            style="visibility: visible; display: inline-block;"
            tabindex="0"
          >
            <svg
              class="icon"
              style="height: 18px; width: auto; fill: currentColor;"
              viewBox=""
              xmlns=""
            />
          </div>
          <div
            class="ui drag block inner custom"
          >
            <div
              class="block custom  selected"
              role="presentation"
              style="outline: none;"
              tabindex="-1"
            >
              <div>
                a
                 -
                a
              </div>
            </div>
            <button
              aria-label="delete"
              class="ui basic icon button delete-button"
            >
              <svg
                class="icon"
                style="height: 18px; width: auto; fill: currentColor;"
                viewBox=""
                xmlns=""
              />
            </div>
            <div
              class="ui drag block inner custom"
            >
              <div
                class="block custom selected"
                role="presentation"
                style="outline: none;"
                tabindex="-1"
              >
                <div>
                  a
                   -
                  a
                </div>
              </div>
              <button
                aria-label="delete"
                class="ui basic icon button delete-button"
              >
                <svg
                  class="icon"
                  style="height: 18px; width: auto; fill: currentColor;"
                  viewBox=""
                  xmlns=""
                />
              </button>
            </div>
          </div>
        </div>
      </div>
      <div
        class="block-editor-custom"
      >
        <div
          style="position: relative; margin-bottom: 2em;"
        >
          <div
            aria-describedby=""
            aria-disabled="false"
            aria-roledescription="sortable"
            class="drag handle wrapper"
            role="button"
            style="visibility: hidden; display: inline-block;"
            tabindex="0"
          >
            <svg
              class="icon"
              style="height: 18px; width: auto; fill: currentColor;"
              viewBox=""
              xmlns=""
            />
          </div>
          <div
            class="ui drag block inner custom"
          >
            <div
              class="block custom "
              role="presentation"
              style="outline: none;"
              tabindex="-1"
            >
              <svg
                class="icon"
                style="height: 18px; width: auto; fill: currentColor;"
                viewBox=""
                xmlns=""
              />
            </div>
            <div
              class="ui drag block inner custom"
            >
              <div
                class="block custom"
                role="presentation"
                style="outline: none;"
                tabindex="-1"
              >
                <div>
                  b
                   -
                  b
                </div>
              </div>
            </div>
          </div>
        </div>
      </div>
    </fieldset>
  </div>
</div>
`;
