// Jest Snapshot v1, https://goo.gl/fbAQLP

exports[`renders an edit Lead Image block component 1`] = `
<div
  className="block image align center"
>
  <img
    alt=""
    className="responsive"
    imageField="image"
    item={
      Object {
        "image": Object {
          "download": "http://127.0.0.1:3000/image.png",
          "height": 400,
          "scales": Object {
            "preview": Object {
              "download": "http://127.0.0.1:3000/image.png/@@images/image/image-400.png",
              "height": 400,
              "width": 400,
            },
          },
          "width": 400,
        },
      }
    }
  />
</div>
`;
